// Jest Snapshot v1, https://goo.gl/fbAQLP

exports[`Title Component should render title component correctly 1`] = `
<DocumentFragment>
  <div
    class="text-2xl animate-pulse undefined"
  >
    test loading text ...
  </div>
</DocumentFragment>
`;
